
> schooliq@0.1.0 build
> next build

Γû▓ Next.js 16.1.6 (Turbopack)
- Environments: .env

  Creating an optimized production build ...
Γ£ô Compiled successfully in 1790.4ms
  Running TypeScript ...
node.exe : Failed to compile.
At line:1 char:1
+ & "C:\Program 
Files\nodejs/node.exe" 
"C:\Program Files\nodejs/node_mo 
...
+ ~~~~~~~~~~~~~~~~~~~~~~~~~~~~~~~~
~~~~~~~~~~~~~~~~~~~~~~~~~~~~~~~~~~
~~~
    + CategoryInfo          : Not 
   Specified: (Failed to compile  
  .:String) [], RemoteException
    + FullyQualifiedErrorId : Nat 
   iveCommandError
 

./app/(dashboard)/students/[id]/pa
ge.tsx:45:22
Type error: Type '{ 
academicHistory: { term: string; 
percentage: number; }[]; skills: 
string[]; role?: "STUDENT" | 
undefined; grade?: string | 
undefined; rollNumber?: string | 
undefined; guardianName?: string 
| undefined; ... 7 more ...; 
schoolId?: string | undefined; }' 
is not assignable to type 
'Student'.
  Types of property 'role' are 
incompatible.
    Type '"STUDENT" | undefined' 
is not assignable to type 
'"STUDENT"'.
      Type 'undefined' is not 
assignable to type '"STUDENT"'.

[0m [90m 43 |[39m       [33m<
[39m[33m/[39m[33mdiv[39m[33m>
[39m
 [90m 44 |[39m
[31m[1m>[22m[39m[90m 45 
|[39m       [33m<[39m[33mProfi
leHeader[39m 
student[33m=[39m{student} 
[33m/[39m[33m>[39m
 [90m    |[39m                  
    [31m[1m^[22m[39m
 [90m 46 |[39m
 [90m 47 |[39m       
[33m<[39m[33mTabs[39m defaultV
alue[33m=[39m[32m"overview"[39
m className[33m=[39m[32m"w-full
"[39m[33m>[39m
 [90m 48 |[39m         
[33m<[39m[33mTabsList[39m 
className[33m=[39m[32m"grid 
w-full grid-cols-4 
lg:w-[400px]"[39m[33m>[39m[0m
Next.js build worker exited with 
code: 1 and signal: null
