Γû▓ Next.js 16.1.6 (Turbopack)
- Environments: .env

node.exe : ΓÜá The "middleware" file convention is deprecated. Please use "proxy" 
instead. Learn more: https://nextjs.org/docs/messages/middleware-to-proxy
At line:1 char:1
+ & "C:\Program Files\nodejs/node.exe" "C:\Program Files\nodejs/node_mo ...
+ ~~~~~~~~~~~~~~~~~~~~~~~~~~~~~~~~~~~~~~~~~~~~~~~~~~~~~~~~~~~~~~~~~~~~~
    + CategoryInfo          : NotSpecified: (ΓÜá The "middle...leware-to-proxy:Strin 
   g) [], RemoteException
    + FullyQualifiedErrorId : NativeCommandError
 
  Creating an optimized production build ...
Γ£ô Compiled successfully in 18.1s
  Running TypeScript ...
  Collecting page data using 27 workers ...
  Generating static pages using 27 workers (0/50) ...
  Generating static pages using 27 workers (12/50) 
The width(-1) and height(-1) of chart should be greater than 0,
       please check the style of container, or the props width(100%) and 
height(100%),
       or add a minWidth(0) or minHeight(undefined) or use aspect(undefined) to 
control the
       height and width.
The width(-1) and height(-1) of chart should be greater than 0,
       please check the style of container, or the props width(100%) and 
height(100%),
       or add a minWidth(0) or minHeight(undefined) or use aspect(undefined) to 
control the
       height and width.
Γ¿» useSearchParams() should be wrapped in a suspense boundary at page 
"/auth/login". Read more: 
https://nextjs.org/docs/messages/missing-suspense-with-csr-bailout
    at Q (C:\Users\Krishil Agrawal\Desktop\Startups\School 
Services\SchoolIQ\schooliq\.next\server\chunks\ssr\node_modules_4f0b5774._.js:2:2111)
    at o (C:\Users\Krishil Agrawal\Desktop\Startups\School 
Services\SchoolIQ\schooliq\.next\server\chunks\ssr\node_modules_4f0b5774._.js:4:5284)
    at I (C:\Users\Krishil Agrawal\Desktop\Startups\School 
Services\SchoolIQ\schooliq\.next\server\chunks\ssr\_a81856f0._.js:3:8496)
    at an (C:\Users\Krishil Agrawal\Desktop\Startups\School Services\SchoolIQ\schooli
q\node_modules\next\dist\compiled\next-server\app-page-turbo.runtime.prod.js:2:84360)
    at ai (C:\Users\Krishil Agrawal\Desktop\Startups\School Services\SchoolIQ\schooli
q\node_modules\next\dist\compiled\next-server\app-page-turbo.runtime.prod.js:2:86179)
    at al (C:\Users\Krishil Agrawal\Desktop\Startups\School Services\SchoolIQ\schooli
q\node_modules\next\dist\compiled\next-server\app-page-turbo.runtime.prod.js:2:107953
)
    at as (C:\Users\Krishil Agrawal\Desktop\Startups\School Services\SchoolIQ\schooli
q\node_modules\next\dist\compiled\next-server\app-page-turbo.runtime.prod.js:2:105368
)
    at am (C:\Users\Krishil Agrawal\Desktop\Startups\School Services\SchoolIQ\schooli
q\node_modules\next\dist\compiled\next-server\app-page-turbo.runtime.prod.js:2:112882
)
    at ai (C:\Users\Krishil Agrawal\Desktop\Startups\School Services\SchoolIQ\schooli
q\node_modules\next\dist\compiled\next-server\app-page-turbo.runtime.prod.js:2:98808)
    at al (C:\Users\Krishil Agrawal\Desktop\Startups\School Services\SchoolIQ\schooli
q\node_modules\next\dist\compiled\next-server\app-page-turbo.runtime.prod.js:2:107953
)
Error occurred prerendering page "/auth/login". Read more: 
https://nextjs.org/docs/messages/prerender-error
Export encountered an error on /auth/login/page: /auth/login, exiting the build.
Γ¿» Next.js build worker exited with code: 1 and signal: null
